Program(None,Package(QuickSort,AssignGlobalVar(a,IntType,NumberExpr(3)),AssignGlobalVar(b,IntType,NumberExpr(3)),AssignGlobalVar(c,IntType,NumberExpr(3)),Method(main,VoidType,None,MethodBlock(None,None))))
